Analysis & Synthesis report for relogio
Tue Oct 27 22:41:58 2020
Quartus Prime Version 20.1.0 Build 711 06/05/2020 SJ Lite Edition


---------------------
; Table of Contents ;
---------------------
  1. Legal Notice
  2. Analysis & Synthesis Summary
  3. Analysis & Synthesis Settings
  4. Parallel Compilation
  5. Analysis & Synthesis Source Files Read
  6. Analysis & Synthesis Resource Usage Summary
  7. Analysis & Synthesis Resource Utilization by Entity
  8. General Register Statistics
  9. Multiplexer Restructuring Statistics (Restructuring Performed)
 10. Parameter Settings for User Entity Instance: CPU:Processador|fluxo_de_dados:FD|fetch:FETCH
 11. Parameter Settings for User Entity Instance: CPU:Processador|fluxo_de_dados:FD|fetch:FETCH|muxGenerico2x1:MUX
 12. Parameter Settings for User Entity Instance: CPU:Processador|fluxo_de_dados:FD|fetch:FETCH|registradorGenerico:PC
 13. Parameter Settings for User Entity Instance: CPU:Processador|fluxo_de_dados:FD|fetch:FETCH|memoriaROM:ROM
 14. Parameter Settings for User Entity Instance: CPU:Processador|fluxo_de_dados:FD|fetch:FETCH|somadorGenerico:SOMA
 15. Parameter Settings for User Entity Instance: CPU:Processador|fluxo_de_dados:FD|muxGenerico2x1:MUX_imed_ram
 16. Parameter Settings for User Entity Instance: CPU:Processador|fluxo_de_dados:FD|muxGenerico2x1:MUX_ULA
 17. Parameter Settings for User Entity Instance: CPU:Processador|fluxo_de_dados:FD|bancoReg:BancoReg
 18. Parameter Settings for User Entity Instance: CPU:Processador|fluxo_de_dados:FD|ULA:ULA
 19. Parameter Settings for User Entity Instance: CPU:Processador|UnidadeControle:UC
 20. Parameter Settings for User Entity Instance: divisorGenerico_e_Interface:TICTAC
 21. Parameter Settings for User Entity Instance: divisorGenerico_e_Interface:TICTAC|divisorGenerico:baseTempo
 22. Parameter Settings for User Entity Instance: divisorGenerico_e_Interface_fast:TICTAC_fast
 23. Parameter Settings for User Entity Instance: divisorGenerico_e_Interface_fast:TICTAC_fast|divisorGenerico:baseTempo
 24. Parameter Settings for User Entity Instance: registradorGenerico_WRITE:SEGU
 25. Parameter Settings for User Entity Instance: registradorGenerico_WRITE:SEGD
 26. Parameter Settings for User Entity Instance: registradorGenerico_WRITE:MINU
 27. Parameter Settings for User Entity Instance: registradorGenerico_WRITE:MIND
 28. Parameter Settings for User Entity Instance: registradorGenerico_WRITE:HORU
 29. Parameter Settings for User Entity Instance: registradorGenerico_WRITE:HORD
 30. Parameter Settings for User Entity Instance: sw:swicthes
 31. Parameter Settings for User Entity Instance: but:but
 32. Parameter Settings for User Entity Instance: decodificador:DECODER
 33. Port Connectivity Checks: "registradorGenerico_WRITE:HORD"
 34. Port Connectivity Checks: "registradorGenerico_WRITE:HORU"
 35. Port Connectivity Checks: "registradorGenerico_WRITE:MIND"
 36. Port Connectivity Checks: "registradorGenerico_WRITE:MINU"
 37. Port Connectivity Checks: "registradorGenerico_WRITE:SEGD"
 38. Port Connectivity Checks: "registradorGenerico_WRITE:SEGU"
 39. Port Connectivity Checks: "divisorGenerico_e_Interface_fast:TICTAC_fast|flipflopGenerico:registraUmSegundo"
 40. Port Connectivity Checks: "divisorGenerico_e_Interface:TICTAC|flipflopGenerico:registraUmSegundo"
 41. Port Connectivity Checks: "CPU:Processador|fluxo_de_dados:FD|fetch:FETCH|somadorGenerico:SOMA"
 42. Port Connectivity Checks: "CPU:Processador|fluxo_de_dados:FD|fetch:FETCH|registradorGenerico:PC"
 43. Post-Synthesis Netlist Statistics for Top Partition
 44. Elapsed Time Per Partition
 45. Analysis & Synthesis Messages



----------------
; Legal Notice ;
----------------
Copyright (C) 2020  Intel Corporation. All rights reserved.
Your use of Intel Corporation's design tools, logic functions 
and other software and tools, and any partner logic 
functions, and any output files from any of the foregoing 
(including device programming or simulation files), and any 
associated documentation or information are expressly subject 
to the terms and conditions of the Intel Program License 
Subscription Agreement, the Intel Quartus Prime License Agreement,
the Intel FPGA IP License Agreement, or other applicable license
agreement, including, without limitation, that your use is for
the sole purpose of programming logic devices manufactured by
Intel and sold by Intel or its authorized distributors.  Please
refer to the applicable agreement for further details, at
https://fpgasoftware.intel.com/eula.



+-------------------------------------------------------------------------------+
; Analysis & Synthesis Summary                                                  ;
+---------------------------------+---------------------------------------------+
; Analysis & Synthesis Status     ; Successful - Tue Oct 27 22:41:58 2020       ;
; Quartus Prime Version           ; 20.1.0 Build 711 06/05/2020 SJ Lite Edition ;
; Revision Name                   ; relogio                                     ;
; Top-level Entity Name           ; TopLevel                                    ;
; Family                          ; Cyclone V                                   ;
; Logic utilization (in ALMs)     ; N/A                                         ;
; Total registers                 ; 207                                         ;
; Total pins                      ; 121                                         ;
; Total virtual pins              ; 0                                           ;
; Total block memory bits         ; 0                                           ;
; Total DSP Blocks                ; 0                                           ;
; Total HSSI RX PCSs              ; 0                                           ;
; Total HSSI PMA RX Deserializers ; 0                                           ;
; Total HSSI TX PCSs              ; 0                                           ;
; Total HSSI PMA TX Serializers   ; 0                                           ;
; Total PLLs                      ; 0                                           ;
; Total DLLs                      ; 0                                           ;
+---------------------------------+---------------------------------------------+


+---------------------------------------------------------------------------------------------------------------------------+
; Analysis & Synthesis Settings                                                                                             ;
+---------------------------------------------------------------------------------+--------------------+--------------------+
; Option                                                                          ; Setting            ; Default Value      ;
+---------------------------------------------------------------------------------+--------------------+--------------------+
; Device                                                                          ; 5CEBA4F23C7        ;                    ;
; Top-level entity name                                                           ; TopLevel           ; relogio            ;
; Family name                                                                     ; Cyclone V          ; Cyclone V          ;
; VHDL Show LMF Mapping Messages                                                  ; Off                ;                    ;
; VHDL Version                                                                    ; VHDL_2008          ; VHDL_1993          ;
; Use smart compilation                                                           ; Off                ; Off                ;
; Enable parallel Assembler and Timing Analyzer during compilation                ; On                 ; On                 ;
; Enable compact report table                                                     ; Off                ; Off                ;
; Restructure Multiplexers                                                        ; Auto               ; Auto               ;
; MLAB Add Timing Constraints For Mixed-Port Feed-Through Mode Setting Don't Care ; Off                ; Off                ;
; Create Debugging Nodes for IP Cores                                             ; Off                ; Off                ;
; Preserve fewer node names                                                       ; On                 ; On                 ;
; Intel FPGA IP Evaluation Mode                                                   ; Enable             ; Enable             ;
; Verilog Version                                                                 ; Verilog_2001       ; Verilog_2001       ;
; State Machine Processing                                                        ; Auto               ; Auto               ;
; Safe State Machine                                                              ; Off                ; Off                ;
; Extract Verilog State Machines                                                  ; On                 ; On                 ;
; Extract VHDL State Machines                                                     ; On                 ; On                 ;
; Ignore Verilog initial constructs                                               ; Off                ; Off                ;
; Iteration limit for constant Verilog loops                                      ; 5000               ; 5000               ;
; Iteration limit for non-constant Verilog loops                                  ; 250                ; 250                ;
; Add Pass-Through Logic to Inferred RAMs                                         ; On                 ; On                 ;
; Infer RAMs from Raw Logic                                                       ; On                 ; On                 ;
; Parallel Synthesis                                                              ; On                 ; On                 ;
; DSP Block Balancing                                                             ; Auto               ; Auto               ;
; NOT Gate Push-Back                                                              ; On                 ; On                 ;
; Power-Up Don't Care                                                             ; On                 ; On                 ;
; Remove Redundant Logic Cells                                                    ; Off                ; Off                ;
; Remove Duplicate Registers                                                      ; On                 ; On                 ;
; Ignore CARRY Buffers                                                            ; Off                ; Off                ;
; Ignore CASCADE Buffers                                                          ; Off                ; Off                ;
; Ignore GLOBAL Buffers                                                           ; Off                ; Off                ;
; Ignore ROW GLOBAL Buffers                                                       ; Off                ; Off                ;
; Ignore LCELL Buffers                                                            ; Off                ; Off                ;
; Ignore SOFT Buffers                                                             ; On                 ; On                 ;
; Limit AHDL Integers to 32 Bits                                                  ; Off                ; Off                ;
; Optimization Technique                                                          ; Balanced           ; Balanced           ;
; Carry Chain Length                                                              ; 70                 ; 70                 ;
; Auto Carry Chains                                                               ; On                 ; On                 ;
; Auto Open-Drain Pins                                                            ; On                 ; On                 ;
; Perform WYSIWYG Primitive Resynthesis                                           ; Off                ; Off                ;
; Auto ROM Replacement                                                            ; On                 ; On                 ;
; Auto RAM Replacement                                                            ; On                 ; On                 ;
; Auto DSP Block Replacement                                                      ; On                 ; On                 ;
; Auto Shift Register Replacement                                                 ; Auto               ; Auto               ;
; Allow Shift Register Merging across Hierarchies                                 ; Auto               ; Auto               ;
; Auto Clock Enable Replacement                                                   ; On                 ; On                 ;
; Strict RAM Replacement                                                          ; Off                ; Off                ;
; Allow Synchronous Control Signals                                               ; On                 ; On                 ;
; Force Use of Synchronous Clear Signals                                          ; Off                ; Off                ;
; Auto Resource Sharing                                                           ; Off                ; Off                ;
; Allow Any RAM Size For Recognition                                              ; Off                ; Off                ;
; Allow Any ROM Size For Recognition                                              ; Off                ; Off                ;
; Allow Any Shift Register Size For Recognition                                   ; Off                ; Off                ;
; Use LogicLock Constraints during Resource Balancing                             ; On                 ; On                 ;
; Ignore translate_off and synthesis_off directives                               ; Off                ; Off                ;
; Timing-Driven Synthesis                                                         ; On                 ; On                 ;
; Report Parameter Settings                                                       ; On                 ; On                 ;
; Report Source Assignments                                                       ; On                 ; On                 ;
; Report Connectivity Checks                                                      ; On                 ; On                 ;
; Ignore Maximum Fan-Out Assignments                                              ; Off                ; Off                ;
; Synchronization Register Chain Length                                           ; 3                  ; 3                  ;
; Power Optimization During Synthesis                                             ; Normal compilation ; Normal compilation ;
; HDL message level                                                               ; Level2             ; Level2             ;
; Suppress Register Optimization Related Messages                                 ; Off                ; Off                ;
; Number of Removed Registers Reported in Synthesis Report                        ; 5000               ; 5000               ;
; Number of Swept Nodes Reported in Synthesis Report                              ; 5000               ; 5000               ;
; Number of Inverted Registers Reported in Synthesis Report                       ; 100                ; 100                ;
; Clock MUX Protection                                                            ; On                 ; On                 ;
; Auto Gated Clock Conversion                                                     ; Off                ; Off                ;
; Block Design Naming                                                             ; Auto               ; Auto               ;
; SDC constraint protection                                                       ; Off                ; Off                ;
; Synthesis Effort                                                                ; Auto               ; Auto               ;
; Shift Register Replacement - Allow Asynchronous Clear Signal                    ; On                 ; On                 ;
; Pre-Mapping Resynthesis Optimization                                            ; Off                ; Off                ;
; Analysis & Synthesis Message Level                                              ; Medium             ; Medium             ;
; Disable Register Merging Across Hierarchies                                     ; Auto               ; Auto               ;
; Resource Aware Inference For Block RAM                                          ; On                 ; On                 ;
; Automatic Parallel Synthesis                                                    ; On                 ; On                 ;
; Partial Reconfiguration Bitstream ID                                            ; Off                ; Off                ;
+---------------------------------------------------------------------------------+--------------------+--------------------+


+------------------------------------------+
; Parallel Compilation                     ;
+----------------------------+-------------+
; Processors                 ; Number      ;
+----------------------------+-------------+
; Number detected on machine ; 8           ;
; Maximum allowed            ; 4           ;
;                            ;             ;
; Average used               ; 1.00        ;
; Maximum used               ; 4           ;
;                            ;             ;
; Usage by Processor         ; % Time Used ;
;     Processor 1            ; 100.0%      ;
;     Processor 2            ;   0.0%      ;
;     Processor 3            ;   0.0%      ;
;     Processor 4            ;   0.0%      ;
+----------------------------+-------------+


+-------------------------------------------------------------------------------------------------------------------------------------------------------------------------------------------+
; Analysis & Synthesis Source Files Read                                                                                                                                                    ;
+--------------------------------------+-----------------+-----------------+------------------------------------------------------------------------------------------------------+---------+
; File Name with User-Entered Path     ; Used in Netlist ; File Type       ; File Name with Absolute Path                                                                         ; Library ;
+--------------------------------------+-----------------+-----------------+------------------------------------------------------------------------------------------------------+---------+
; but.vhd                              ; yes             ; User VHDL File  ; /home/iskandar/Documents/Insper/Des_Comp/RelogioDescomp/quartus/but.vhd                              ;         ;
; divisorGenerico_e_Interface_fast.vhd ; yes             ; User VHDL File  ; /home/iskandar/Documents/Insper/Des_Comp/RelogioDescomp/quartus/divisorGenerico_e_Interface_fast.vhd ;         ;
; sw.vhd                               ; yes             ; User VHDL File  ; /home/iskandar/Documents/Insper/Des_Comp/RelogioDescomp/quartus/sw.vhd                               ;         ;
; registradorGenerico_WRITE.vhd        ; yes             ; User VHDL File  ; /home/iskandar/Documents/Insper/Des_Comp/RelogioDescomp/quartus/registradorGenerico_WRITE.vhd        ;         ;
; flipflopGenerico.vhd                 ; yes             ; User VHDL File  ; /home/iskandar/Documents/Insper/Des_Comp/RelogioDescomp/quartus/flipflopGenerico.vhd                 ;         ;
; divisorGenerico_e_Interface.vhd      ; yes             ; User VHDL File  ; /home/iskandar/Documents/Insper/Des_Comp/RelogioDescomp/quartus/divisorGenerico_e_Interface.vhd      ;         ;
; UnidadeControle.vhd                  ; yes             ; User VHDL File  ; /home/iskandar/Documents/Insper/Des_Comp/RelogioDescomp/quartus/UnidadeControle.vhd                  ;         ;
; TopLevel.vhd                         ; yes             ; User VHDL File  ; /home/iskandar/Documents/Insper/Des_Comp/RelogioDescomp/quartus/TopLevel.vhd                         ;         ;
; fluxo_de_dados.vhd                   ; yes             ; User VHDL File  ; /home/iskandar/Documents/Insper/Des_Comp/RelogioDescomp/quartus/fluxo_de_dados.vhd                   ;         ;
; divisorGenerico.vhd                  ; yes             ; User VHDL File  ; /home/iskandar/Documents/Insper/Des_Comp/RelogioDescomp/quartus/divisorGenerico.vhd                  ;         ;
; decodificador.vhd                    ; yes             ; User VHDL File  ; /home/iskandar/Documents/Insper/Des_Comp/RelogioDescomp/quartus/decodificador.vhd                    ;         ;
; CPU.vhd                              ; yes             ; User VHDL File  ; /home/iskandar/Documents/Insper/Des_Comp/RelogioDescomp/quartus/CPU.vhd                              ;         ;
; conversorHex7seg.vhd                 ; yes             ; User VHDL File  ; /home/iskandar/Documents/Insper/Des_Comp/RelogioDescomp/quartus/conversorHex7seg.vhd                 ;         ;
; constants.vhd                        ; yes             ; User VHDL File  ; /home/iskandar/Documents/Insper/Des_Comp/RelogioDescomp/quartus/constants.vhd                        ;         ;
; bancoReg.vhd                         ; yes             ; User VHDL File  ; /home/iskandar/Documents/Insper/Des_Comp/RelogioDescomp/quartus/bancoReg.vhd                         ;         ;
; memoriaROM.vhd                       ; yes             ; User VHDL File  ; /home/iskandar/Documents/Insper/Des_Comp/RelogioDescomp/quartus/memoriaROM.vhd                       ;         ;
; ULA.vhd                              ; yes             ; User VHDL File  ; /home/iskandar/Documents/Insper/Des_Comp/RelogioDescomp/quartus/ULA.vhd                              ;         ;
; somadorGenerico.vhd                  ; yes             ; User VHDL File  ; /home/iskandar/Documents/Insper/Des_Comp/RelogioDescomp/quartus/somadorGenerico.vhd                  ;         ;
; registradorGenerico.vhd              ; yes             ; User VHDL File  ; /home/iskandar/Documents/Insper/Des_Comp/RelogioDescomp/quartus/registradorGenerico.vhd              ;         ;
; muxGenerico2x1.vhd                   ; yes             ; User VHDL File  ; /home/iskandar/Documents/Insper/Des_Comp/RelogioDescomp/quartus/muxGenerico2x1.vhd                   ;         ;
; fetch.vhd                            ; yes             ; User VHDL File  ; /home/iskandar/Documents/Insper/Des_Comp/RelogioDescomp/quartus/fetch.vhd                            ;         ;
+--------------------------------------+-----------------+-----------------+------------------------------------------------------------------------------------------------------+---------+


+--------------------------------------------------------------+
; Analysis & Synthesis Resource Usage Summary                  ;
+---------------------------------------------+----------------+
; Resource                                    ; Usage          ;
+---------------------------------------------+----------------+
; Estimate of Logic utilization (ALMs needed) ; 274            ;
;                                             ;                ;
; Combinational ALUT usage for logic          ; 381            ;
;     -- 7 input functions                    ; 6              ;
;     -- 6 input functions                    ; 145            ;
;     -- 5 input functions                    ; 55             ;
;     -- 4 input functions                    ; 76             ;
;     -- <=3 input functions                  ; 99             ;
;                                             ;                ;
; Dedicated logic registers                   ; 207            ;
;                                             ;                ;
; I/O pins                                    ; 121            ;
;                                             ;                ;
; Total DSP Blocks                            ; 0              ;
;                                             ;                ;
; Maximum fan-out node                        ; CLOCK_50~input ;
; Maximum fan-out                             ; 205            ;
; Total fan-out                               ; 2581           ;
; Average fan-out                             ; 3.11           ;
+---------------------------------------------+----------------+


+----------------------------------------------------------------------------------------------------------------------------------------------------------------------------------------------------------------------------------------------------------------------------------------------------------+
; Analysis & Synthesis Resource Utilization by Entity                                                                                                                                                                                                                                                      ;
+---------------------------------------------------+---------------------+---------------------------+-------------------+------------+------+--------------+-------------------------------------------------------------------------------------------+----------------------------------+--------------+
; Compilation Hierarchy Node                        ; Combinational ALUTs ; Dedicated Logic Registers ; Block Memory Bits ; DSP Blocks ; Pins ; Virtual Pins ; Full Hierarchy Name                                                                       ; Entity Name                      ; Library Name ;
+---------------------------------------------------+---------------------+---------------------------+-------------------+------------+------+--------------+-------------------------------------------------------------------------------------------+----------------------------------+--------------+
; |TopLevel                                         ; 381 (1)             ; 207 (0)                   ; 0                 ; 0          ; 121  ; 0            ; |TopLevel                                                                                 ; TopLevel                         ; work         ;
;    |CPU:Processador|                              ; 250 (0)             ; 136 (0)                   ; 0                 ; 0          ; 0    ; 0            ; |TopLevel|CPU:Processador                                                                 ; CPU                              ; work         ;
;       |UnidadeControle:UC|                        ; 18 (18)             ; 0 (0)                     ; 0                 ; 0          ; 0    ; 0            ; |TopLevel|CPU:Processador|UnidadeControle:UC                                              ; UnidadeControle                  ; work         ;
;       |fluxo_de_dados:FD|                         ; 232 (0)             ; 136 (0)                   ; 0                 ; 0          ; 0    ; 0            ; |TopLevel|CPU:Processador|fluxo_de_dados:FD                                               ; fluxo_de_dados                   ; work         ;
;          |ULA:ULA|                                ; 39 (39)             ; 0 (0)                     ; 0                 ; 0          ; 0    ; 0            ; |TopLevel|CPU:Processador|fluxo_de_dados:FD|ULA:ULA                                       ; ULA                              ; work         ;
;          |bancoReg:BancoReg|                      ; 100 (100)           ; 128 (128)                 ; 0                 ; 0          ; 0    ; 0            ; |TopLevel|CPU:Processador|fluxo_de_dados:FD|bancoReg:BancoReg                             ; bancoReg                         ; work         ;
;          |fetch:FETCH|                            ; 77 (0)              ; 8 (0)                     ; 0                 ; 0          ; 0    ; 0            ; |TopLevel|CPU:Processador|fluxo_de_dados:FD|fetch:FETCH                                   ; fetch                            ; work         ;
;             |memoriaROM:ROM|                      ; 69 (69)             ; 0 (0)                     ; 0                 ; 0          ; 0    ; 0            ; |TopLevel|CPU:Processador|fluxo_de_dados:FD|fetch:FETCH|memoriaROM:ROM                    ; memoriaROM                       ; work         ;
;             |registradorGenerico:PC|              ; 0 (0)               ; 8 (8)                     ; 0                 ; 0          ; 0    ; 0            ; |TopLevel|CPU:Processador|fluxo_de_dados:FD|fetch:FETCH|registradorGenerico:PC            ; registradorGenerico              ; work         ;
;             |somadorGenerico:SOMA|                ; 8 (8)               ; 0 (0)                     ; 0                 ; 0          ; 0    ; 0            ; |TopLevel|CPU:Processador|fluxo_de_dados:FD|fetch:FETCH|somadorGenerico:SOMA              ; somadorGenerico                  ; work         ;
;          |muxGenerico2x1:MUX_ULA|                 ; 16 (16)             ; 0 (0)                     ; 0                 ; 0          ; 0    ; 0            ; |TopLevel|CPU:Processador|fluxo_de_dados:FD|muxGenerico2x1:MUX_ULA                        ; muxGenerico2x1                   ; work         ;
;    |but:but|                                      ; 1 (1)               ; 0 (0)                     ; 0                 ; 0          ; 0    ; 0            ; |TopLevel|but:but                                                                         ; but                              ; work         ;
;    |conversorHex7seg:showHEX0|                    ; 7 (7)               ; 0 (0)                     ; 0                 ; 0          ; 0    ; 0            ; |TopLevel|conversorHex7seg:showHEX0                                                       ; conversorHex7seg                 ; work         ;
;    |conversorHex7seg:showHEX1|                    ; 7 (7)               ; 0 (0)                     ; 0                 ; 0          ; 0    ; 0            ; |TopLevel|conversorHex7seg:showHEX1                                                       ; conversorHex7seg                 ; work         ;
;    |conversorHex7seg:showHEX2|                    ; 7 (7)               ; 0 (0)                     ; 0                 ; 0          ; 0    ; 0            ; |TopLevel|conversorHex7seg:showHEX2                                                       ; conversorHex7seg                 ; work         ;
;    |conversorHex7seg:showHEX3|                    ; 7 (7)               ; 0 (0)                     ; 0                 ; 0          ; 0    ; 0            ; |TopLevel|conversorHex7seg:showHEX3                                                       ; conversorHex7seg                 ; work         ;
;    |conversorHex7seg:showHEX4|                    ; 7 (7)               ; 0 (0)                     ; 0                 ; 0          ; 0    ; 0            ; |TopLevel|conversorHex7seg:showHEX4                                                       ; conversorHex7seg                 ; work         ;
;    |conversorHex7seg:showHEX5|                    ; 7 (7)               ; 0 (0)                     ; 0                 ; 0          ; 0    ; 0            ; |TopLevel|conversorHex7seg:showHEX5                                                       ; conversorHex7seg                 ; work         ;
;    |decodificador:DECODER|                        ; 8 (8)               ; 0 (0)                     ; 0                 ; 0          ; 0    ; 0            ; |TopLevel|decodificador:DECODER                                                           ; decodificador                    ; work         ;
;    |divisorGenerico_e_Interface:TICTAC|           ; 45 (12)             ; 27 (0)                    ; 0                 ; 0          ; 0    ; 0            ; |TopLevel|divisorGenerico_e_Interface:TICTAC                                              ; divisorGenerico_e_Interface      ; work         ;
;       |divisorGenerico:baseTempo|                 ; 33 (33)             ; 26 (26)                   ; 0                 ; 0          ; 0    ; 0            ; |TopLevel|divisorGenerico_e_Interface:TICTAC|divisorGenerico:baseTempo                    ; divisorGenerico                  ; work         ;
;       |flipflopGenerico:registraUmSegundo|        ; 0 (0)               ; 1 (1)                     ; 0                 ; 0          ; 0    ; 0            ; |TopLevel|divisorGenerico_e_Interface:TICTAC|flipflopGenerico:registraUmSegundo           ; flipflopGenerico                 ; work         ;
;    |divisorGenerico_e_Interface_fast:TICTAC_fast| ; 25 (1)              ; 20 (0)                    ; 0                 ; 0          ; 0    ; 0            ; |TopLevel|divisorGenerico_e_Interface_fast:TICTAC_fast                                    ; divisorGenerico_e_Interface_fast ; work         ;
;       |divisorGenerico:baseTempo|                 ; 24 (24)             ; 19 (19)                   ; 0                 ; 0          ; 0    ; 0            ; |TopLevel|divisorGenerico_e_Interface_fast:TICTAC_fast|divisorGenerico:baseTempo          ; divisorGenerico                  ; work         ;
;       |flipflopGenerico:registraUmSegundo|        ; 0 (0)               ; 1 (1)                     ; 0                 ; 0          ; 0    ; 0            ; |TopLevel|divisorGenerico_e_Interface_fast:TICTAC_fast|flipflopGenerico:registraUmSegundo ; flipflopGenerico                 ; work         ;
;    |registradorGenerico_WRITE:HORD|               ; 1 (1)               ; 4 (4)                     ; 0                 ; 0          ; 0    ; 0            ; |TopLevel|registradorGenerico_WRITE:HORD                                                  ; registradorGenerico_WRITE        ; work         ;
;    |registradorGenerico_WRITE:HORU|               ; 1 (1)               ; 4 (4)                     ; 0                 ; 0          ; 0    ; 0            ; |TopLevel|registradorGenerico_WRITE:HORU                                                  ; registradorGenerico_WRITE        ; work         ;
;    |registradorGenerico_WRITE:MIND|               ; 1 (1)               ; 4 (4)                     ; 0                 ; 0          ; 0    ; 0            ; |TopLevel|registradorGenerico_WRITE:MIND                                                  ; registradorGenerico_WRITE        ; work         ;
;    |registradorGenerico_WRITE:MINU|               ; 1 (1)               ; 4 (4)                     ; 0                 ; 0          ; 0    ; 0            ; |TopLevel|registradorGenerico_WRITE:MINU                                                  ; registradorGenerico_WRITE        ; work         ;
;    |registradorGenerico_WRITE:SEGD|               ; 1 (1)               ; 4 (4)                     ; 0                 ; 0          ; 0    ; 0            ; |TopLevel|registradorGenerico_WRITE:SEGD                                                  ; registradorGenerico_WRITE        ; work         ;
;    |registradorGenerico_WRITE:SEGU|               ; 3 (3)               ; 4 (4)                     ; 0                 ; 0          ; 0    ; 0            ; |TopLevel|registradorGenerico_WRITE:SEGU                                                  ; registradorGenerico_WRITE        ; work         ;
;    |sw:swicthes|                                  ; 1 (1)               ; 0 (0)                     ; 0                 ; 0          ; 0    ; 0            ; |TopLevel|sw:swicthes                                                                     ; sw                               ; work         ;
+---------------------------------------------------+---------------------+---------------------------+-------------------+------------+------+--------------+-------------------------------------------------------------------------------------------+----------------------------------+--------------+
Note: For table entries with two numbers listed, the numbers in parentheses indicate the number of resources of the given type used by the specific entity alone. The numbers listed outside of parentheses indicate the total resources of the given type used by the specific entity and all of its sub-entities in the hierarchy.


+------------------------------------------------------+
; General Register Statistics                          ;
+----------------------------------------------+-------+
; Statistic                                    ; Value ;
+----------------------------------------------+-------+
; Total registers                              ; 207   ;
; Number of registers using Synchronous Clear  ; 43    ;
; Number of registers using Synchronous Load   ; 8     ;
; Number of registers using Asynchronous Clear ; 2     ;
; Number of registers using Asynchronous Load  ; 0     ;
; Number of registers using Clock Enable       ; 152   ;
; Number of registers using Preset             ; 0     ;
+----------------------------------------------+-------+


+-----------------------------------------------------------------------------------------------------------------------------------------------------------------------------------------------+
; Multiplexer Restructuring Statistics (Restructuring Performed)                                                                                                                                ;
+--------------------+-----------+---------------+----------------------+------------------------+------------+---------------------------------------------------------------------------------+
; Multiplexer Inputs ; Bus Width ; Baseline Area ; Area if Restructured ; Saving if Restructured ; Registered ; Example Multiplexer Output                                                      ;
+--------------------+-----------+---------------+----------------------+------------------------+------------+---------------------------------------------------------------------------------+
; 3:1                ; 7 bits    ; 14 LEs        ; 14 LEs               ; 0 LEs                  ; No         ; |TopLevel|CPU:Processador|fluxo_de_dados:FD|muxGenerico2x1:MUX_ULA|saida_MUX[5] ;
; 3:1                ; 8 bits    ; 16 LEs        ; 16 LEs               ; 0 LEs                  ; No         ; |TopLevel|CPU:Processador|fluxo_de_dados:FD|ULA:ULA|Add0                        ;
; 5:1                ; 2 bits    ; 6 LEs         ; 6 LEs                ; 0 LEs                  ; No         ; |TopLevel|conversorHex7seg:showHEX0|saida7seg[6]                                ;
; 5:1                ; 2 bits    ; 6 LEs         ; 6 LEs                ; 0 LEs                  ; No         ; |TopLevel|conversorHex7seg:showHEX1|saida7seg[5]                                ;
; 5:1                ; 2 bits    ; 6 LEs         ; 6 LEs                ; 0 LEs                  ; No         ; |TopLevel|conversorHex7seg:showHEX2|saida7seg[6]                                ;
; 5:1                ; 2 bits    ; 6 LEs         ; 6 LEs                ; 0 LEs                  ; No         ; |TopLevel|conversorHex7seg:showHEX3|saida7seg[5]                                ;
; 5:1                ; 2 bits    ; 6 LEs         ; 6 LEs                ; 0 LEs                  ; No         ; |TopLevel|conversorHex7seg:showHEX4|saida7seg[5]                                ;
; 5:1                ; 2 bits    ; 6 LEs         ; 6 LEs                ; 0 LEs                  ; No         ; |TopLevel|conversorHex7seg:showHEX5|saida7seg[6]                                ;
; 5:1                ; 2 bits    ; 6 LEs         ; 6 LEs                ; 0 LEs                  ; No         ; |TopLevel|CPU:Processador|UnidadeControle:UC|palavraControle[3]                 ;
; 9:1                ; 8 bits    ; 48 LEs        ; 32 LEs               ; 16 LEs                 ; No         ; |TopLevel|CPU:Processador|fluxo_de_dados:FD|ULA:ULA|saida[1]                    ;
; 6:1                ; 3 bits    ; 12 LEs        ; 12 LEs               ; 0 LEs                  ; No         ; |TopLevel|conversorHex7seg:showHEX0|saida7seg[2]                                ;
; 6:1                ; 3 bits    ; 12 LEs        ; 12 LEs               ; 0 LEs                  ; No         ; |TopLevel|conversorHex7seg:showHEX1|saida7seg[3]                                ;
; 6:1                ; 3 bits    ; 12 LEs        ; 12 LEs               ; 0 LEs                  ; No         ; |TopLevel|conversorHex7seg:showHEX2|saida7seg[0]                                ;
; 6:1                ; 3 bits    ; 12 LEs        ; 12 LEs               ; 0 LEs                  ; No         ; |TopLevel|conversorHex7seg:showHEX3|saida7seg[0]                                ;
; 6:1                ; 3 bits    ; 12 LEs        ; 12 LEs               ; 0 LEs                  ; No         ; |TopLevel|conversorHex7seg:showHEX4|saida7seg[3]                                ;
; 6:1                ; 3 bits    ; 12 LEs        ; 12 LEs               ; 0 LEs                  ; No         ; |TopLevel|conversorHex7seg:showHEX5|saida7seg[3]                                ;
+--------------------+-----------+---------------+----------------------+------------------------+------------+---------------------------------------------------------------------------------+


+--------------------------------------------------------------------------------------------+
; Parameter Settings for User Entity Instance: CPU:Processador|fluxo_de_dados:FD|fetch:FETCH ;
+----------------+-------+-------------------------------------------------------------------+
; Parameter Name ; Value ; Type                                                              ;
+----------------+-------+-------------------------------------------------------------------+
; datawidth      ; 24    ; Signed Integer                                                    ;
; addrwidth      ; 8     ; Signed Integer                                                    ;
+----------------+-------+-------------------------------------------------------------------+
Note: In order to hide this table in the UI and the text report file, please set the "Show Parameter Settings in Synthesis Report" option in "Analysis and Synthesis Settings -> More Settings" to "Off".


+---------------------------------------------------------------------------------------------------------------+
; Parameter Settings for User Entity Instance: CPU:Processador|fluxo_de_dados:FD|fetch:FETCH|muxGenerico2x1:MUX ;
+----------------+-------+--------------------------------------------------------------------------------------+
; Parameter Name ; Value ; Type                                                                                 ;
+----------------+-------+--------------------------------------------------------------------------------------+
; larguradados   ; 8     ; Signed Integer                                                                       ;
+----------------+-------+--------------------------------------------------------------------------------------+
Note: In order to hide this table in the UI and the text report file, please set the "Show Parameter Settings in Synthesis Report" option in "Analysis and Synthesis Settings -> More Settings" to "Off".


+-------------------------------------------------------------------------------------------------------------------+
; Parameter Settings for User Entity Instance: CPU:Processador|fluxo_de_dados:FD|fetch:FETCH|registradorGenerico:PC ;
+----------------+-------+------------------------------------------------------------------------------------------+
; Parameter Name ; Value ; Type                                                                                     ;
+----------------+-------+------------------------------------------------------------------------------------------+
; larguradados   ; 8     ; Signed Integer                                                                           ;
+----------------+-------+------------------------------------------------------------------------------------------+
Note: In order to hide this table in the UI and the text report file, please set the "Show Parameter Settings in Synthesis Report" option in "Analysis and Synthesis Settings -> More Settings" to "Off".


+-----------------------------------------------------------------------------------------------------------+
; Parameter Settings for User Entity Instance: CPU:Processador|fluxo_de_dados:FD|fetch:FETCH|memoriaROM:ROM ;
+----------------+-------+----------------------------------------------------------------------------------+
; Parameter Name ; Value ; Type                                                                             ;
+----------------+-------+----------------------------------------------------------------------------------+
; datawidth      ; 24    ; Signed Integer                                                                   ;
; addrwidth      ; 8     ; Signed Integer                                                                   ;
+----------------+-------+----------------------------------------------------------------------------------+
Note: In order to hide this table in the UI and the text report file, please set the "Show Parameter Settings in Synthesis Report" option in "Analysis and Synthesis Settings -> More Settings" to "Off".


+-----------------------------------------------------------------------------------------------------------------+
; Parameter Settings for User Entity Instance: CPU:Processador|fluxo_de_dados:FD|fetch:FETCH|somadorGenerico:SOMA ;
+----------------+-------+----------------------------------------------------------------------------------------+
; Parameter Name ; Value ; Type                                                                                   ;
+----------------+-------+----------------------------------------------------------------------------------------+
; larguradados   ; 8     ; Signed Integer                                                                         ;
+----------------+-------+----------------------------------------------------------------------------------------+
Note: In order to hide this table in the UI and the text report file, please set the "Show Parameter Settings in Synthesis Report" option in "Analysis and Synthesis Settings -> More Settings" to "Off".


+------------------------------------------------------------------------------------------------------------+
; Parameter Settings for User Entity Instance: CPU:Processador|fluxo_de_dados:FD|muxGenerico2x1:MUX_imed_ram ;
+----------------+-------+-----------------------------------------------------------------------------------+
; Parameter Name ; Value ; Type                                                                              ;
+----------------+-------+-----------------------------------------------------------------------------------+
; larguradados   ; 8     ; Signed Integer                                                                    ;
+----------------+-------+-----------------------------------------------------------------------------------+
Note: In order to hide this table in the UI and the text report file, please set the "Show Parameter Settings in Synthesis Report" option in "Analysis and Synthesis Settings -> More Settings" to "Off".


+-------------------------------------------------------------------------------------------------------+
; Parameter Settings for User Entity Instance: CPU:Processador|fluxo_de_dados:FD|muxGenerico2x1:MUX_ULA ;
+----------------+-------+------------------------------------------------------------------------------+
; Parameter Name ; Value ; Type                                                                         ;
+----------------+-------+------------------------------------------------------------------------------+
; larguradados   ; 8     ; Signed Integer                                                               ;
+----------------+-------+------------------------------------------------------------------------------+
Note: In order to hide this table in the UI and the text report file, please set the "Show Parameter Settings in Synthesis Report" option in "Analysis and Synthesis Settings -> More Settings" to "Off".


+--------------------------------------------------------------------------------------------------+
; Parameter Settings for User Entity Instance: CPU:Processador|fluxo_de_dados:FD|bancoReg:BancoReg ;
+---------------------+-------+--------------------------------------------------------------------+
; Parameter Name      ; Value ; Type                                                               ;
+---------------------+-------+--------------------------------------------------------------------+
; larguradados        ; 8     ; Signed Integer                                                     ;
; larguraendbancoregs ; 4     ; Signed Integer                                                     ;
+---------------------+-------+--------------------------------------------------------------------+
Note: In order to hide this table in the UI and the text report file, please set the "Show Parameter Settings in Synthesis Report" option in "Analysis and Synthesis Settings -> More Settings" to "Off".


+----------------------------------------------------------------------------------------+
; Parameter Settings for User Entity Instance: CPU:Processador|fluxo_de_dados:FD|ULA:ULA ;
+----------------+-------+---------------------------------------------------------------+
; Parameter Name ; Value ; Type                                                          ;
+----------------+-------+---------------------------------------------------------------+
; larguradados   ; 8     ; Signed Integer                                                ;
+----------------+-------+---------------------------------------------------------------+
Note: In order to hide this table in the UI and the text report file, please set the "Show Parameter Settings in Synthesis Report" option in "Analysis and Synthesis Settings -> More Settings" to "Off".


+---------------------------------------------------------------------------------+
; Parameter Settings for User Entity Instance: CPU:Processador|UnidadeControle:UC ;
+----------------+-------+--------------------------------------------------------+
; Parameter Name ; Value ; Type                                                   ;
+----------------+-------+--------------------------------------------------------+
; data_width     ; 8     ; Signed Integer                                         ;
; addr_width     ; 8     ; Signed Integer                                         ;
+----------------+-------+--------------------------------------------------------+
Note: In order to hide this table in the UI and the text report file, please set the "Show Parameter Settings in Synthesis Report" option in "Analysis and Synthesis Settings -> More Settings" to "Off".


+---------------------------------------------------------------------------------+
; Parameter Settings for User Entity Instance: divisorGenerico_e_Interface:TICTAC ;
+----------------+----------+-----------------------------------------------------+
; Parameter Name ; Value    ; Type                                                ;
+----------------+----------+-----------------------------------------------------+
; divisor        ; 25000000 ; Signed Integer                                      ;
+----------------+----------+-----------------------------------------------------+
Note: In order to hide this table in the UI and the text report file, please set the "Show Parameter Settings in Synthesis Report" option in "Analysis and Synthesis Settings -> More Settings" to "Off".


+-----------------------------------------------------------------------------------------------------------+
; Parameter Settings for User Entity Instance: divisorGenerico_e_Interface:TICTAC|divisorGenerico:baseTempo ;
+----------------+----------+-------------------------------------------------------------------------------+
; Parameter Name ; Value    ; Type                                                                          ;
+----------------+----------+-------------------------------------------------------------------------------+
; divisor        ; 25000000 ; Signed Integer                                                                ;
+----------------+----------+-------------------------------------------------------------------------------+
Note: In order to hide this table in the UI and the text report file, please set the "Show Parameter Settings in Synthesis Report" option in "Analysis and Synthesis Settings -> More Settings" to "Off".


+-------------------------------------------------------------------------------------------+
; Parameter Settings for User Entity Instance: divisorGenerico_e_Interface_fast:TICTAC_fast ;
+----------------+--------+-----------------------------------------------------------------+
; Parameter Name ; Value  ; Type                                                            ;
+----------------+--------+-----------------------------------------------------------------+
; divisor        ; 250000 ; Signed Integer                                                  ;
+----------------+--------+-----------------------------------------------------------------+
Note: In order to hide this table in the UI and the text report file, please set the "Show Parameter Settings in Synthesis Report" option in "Analysis and Synthesis Settings -> More Settings" to "Off".


+---------------------------------------------------------------------------------------------------------------------+
; Parameter Settings for User Entity Instance: divisorGenerico_e_Interface_fast:TICTAC_fast|divisorGenerico:baseTempo ;
+----------------+--------+-------------------------------------------------------------------------------------------+
; Parameter Name ; Value  ; Type                                                                                      ;
+----------------+--------+-------------------------------------------------------------------------------------------+
; divisor        ; 250000 ; Signed Integer                                                                            ;
+----------------+--------+-------------------------------------------------------------------------------------------+
Note: In order to hide this table in the UI and the text report file, please set the "Show Parameter Settings in Synthesis Report" option in "Analysis and Synthesis Settings -> More Settings" to "Off".


+-----------------------------------------------------------------------------+
; Parameter Settings for User Entity Instance: registradorGenerico_WRITE:SEGU ;
+----------------+-------+----------------------------------------------------+
; Parameter Name ; Value ; Type                                               ;
+----------------+-------+----------------------------------------------------+
; larguradados   ; 4     ; Signed Integer                                     ;
+----------------+-------+----------------------------------------------------+
Note: In order to hide this table in the UI and the text report file, please set the "Show Parameter Settings in Synthesis Report" option in "Analysis and Synthesis Settings -> More Settings" to "Off".


+-----------------------------------------------------------------------------+
; Parameter Settings for User Entity Instance: registradorGenerico_WRITE:SEGD ;
+----------------+-------+----------------------------------------------------+
; Parameter Name ; Value ; Type                                               ;
+----------------+-------+----------------------------------------------------+
; larguradados   ; 4     ; Signed Integer                                     ;
+----------------+-------+----------------------------------------------------+
Note: In order to hide this table in the UI and the text report file, please set the "Show Parameter Settings in Synthesis Report" option in "Analysis and Synthesis Settings -> More Settings" to "Off".


+-----------------------------------------------------------------------------+
; Parameter Settings for User Entity Instance: registradorGenerico_WRITE:MINU ;
+----------------+-------+----------------------------------------------------+
; Parameter Name ; Value ; Type                                               ;
+----------------+-------+----------------------------------------------------+
; larguradados   ; 4     ; Signed Integer                                     ;
+----------------+-------+----------------------------------------------------+
Note: In order to hide this table in the UI and the text report file, please set the "Show Parameter Settings in Synthesis Report" option in "Analysis and Synthesis Settings -> More Settings" to "Off".


+-----------------------------------------------------------------------------+
; Parameter Settings for User Entity Instance: registradorGenerico_WRITE:MIND ;
+----------------+-------+----------------------------------------------------+
; Parameter Name ; Value ; Type                                               ;
+----------------+-------+----------------------------------------------------+
; larguradados   ; 4     ; Signed Integer                                     ;
+----------------+-------+----------------------------------------------------+
Note: In order to hide this table in the UI and the text report file, please set the "Show Parameter Settings in Synthesis Report" option in "Analysis and Synthesis Settings -> More Settings" to "Off".


+-----------------------------------------------------------------------------+
; Parameter Settings for User Entity Instance: registradorGenerico_WRITE:HORU ;
+----------------+-------+----------------------------------------------------+
; Parameter Name ; Value ; Type                                               ;
+----------------+-------+----------------------------------------------------+
; larguradados   ; 4     ; Signed Integer                                     ;
+----------------+-------+----------------------------------------------------+
Note: In order to hide this table in the UI and the text report file, please set the "Show Parameter Settings in Synthesis Report" option in "Analysis and Synthesis Settings -> More Settings" to "Off".


+-----------------------------------------------------------------------------+
; Parameter Settings for User Entity Instance: registradorGenerico_WRITE:HORD ;
+----------------+-------+----------------------------------------------------+
; Parameter Name ; Value ; Type                                               ;
+----------------+-------+----------------------------------------------------+
; larguradados   ; 4     ; Signed Integer                                     ;
+----------------+-------+----------------------------------------------------+
Note: In order to hide this table in the UI and the text report file, please set the "Show Parameter Settings in Synthesis Report" option in "Analysis and Synthesis Settings -> More Settings" to "Off".


+----------------------------------------------------------+
; Parameter Settings for User Entity Instance: sw:swicthes ;
+----------------+-------+---------------------------------+
; Parameter Name ; Value ; Type                            ;
+----------------+-------+---------------------------------+
; addr           ; 8     ; Signed Integer                  ;
+----------------+-------+---------------------------------+
Note: In order to hide this table in the UI and the text report file, please set the "Show Parameter Settings in Synthesis Report" option in "Analysis and Synthesis Settings -> More Settings" to "Off".


+------------------------------------------------------+
; Parameter Settings for User Entity Instance: but:but ;
+----------------+-------+-----------------------------+
; Parameter Name ; Value ; Type                        ;
+----------------+-------+-----------------------------+
; addr           ; 4     ; Signed Integer              ;
+----------------+-------+-----------------------------+
Note: In order to hide this table in the UI and the text report file, please set the "Show Parameter Settings in Synthesis Report" option in "Analysis and Synthesis Settings -> More Settings" to "Off".


+--------------------------------------------------------------------+
; Parameter Settings for User Entity Instance: decodificador:DECODER ;
+----------------+-------+-------------------------------------------+
; Parameter Name ; Value ; Type                                      ;
+----------------+-------+-------------------------------------------+
; addrwidth      ; 8     ; Signed Integer                            ;
+----------------+-------+-------------------------------------------+
Note: In order to hide this table in the UI and the text report file, please set the "Show Parameter Settings in Synthesis Report" option in "Analysis and Synthesis Settings -> More Settings" to "Off".


+------------------------------------------------------------+
; Port Connectivity Checks: "registradorGenerico_WRITE:HORD" ;
+------+-------+----------+----------------------------------+
; Port ; Type  ; Severity ; Details                          ;
+------+-------+----------+----------------------------------+
; rst  ; Input ; Info     ; Stuck at GND                     ;
+------+-------+----------+----------------------------------+


+------------------------------------------------------------+
; Port Connectivity Checks: "registradorGenerico_WRITE:HORU" ;
+------+-------+----------+----------------------------------+
; Port ; Type  ; Severity ; Details                          ;
+------+-------+----------+----------------------------------+
; rst  ; Input ; Info     ; Stuck at GND                     ;
+------+-------+----------+----------------------------------+


+------------------------------------------------------------+
; Port Connectivity Checks: "registradorGenerico_WRITE:MIND" ;
+------+-------+----------+----------------------------------+
; Port ; Type  ; Severity ; Details                          ;
+------+-------+----------+----------------------------------+
; rst  ; Input ; Info     ; Stuck at GND                     ;
+------+-------+----------+----------------------------------+


+------------------------------------------------------------+
; Port Connectivity Checks: "registradorGenerico_WRITE:MINU" ;
+------+-------+----------+----------------------------------+
; Port ; Type  ; Severity ; Details                          ;
+------+-------+----------+----------------------------------+
; rst  ; Input ; Info     ; Stuck at GND                     ;
+------+-------+----------+----------------------------------+


+------------------------------------------------------------+
; Port Connectivity Checks: "registradorGenerico_WRITE:SEGD" ;
+------+-------+----------+----------------------------------+
; Port ; Type  ; Severity ; Details                          ;
+------+-------+----------+----------------------------------+
; rst  ; Input ; Info     ; Stuck at GND                     ;
+------+-------+----------+----------------------------------+


+------------------------------------------------------------+
; Port Connectivity Checks: "registradorGenerico_WRITE:SEGU" ;
+------+-------+----------+----------------------------------+
; Port ; Type  ; Severity ; Details                          ;
+------+-------+----------+----------------------------------+
; rst  ; Input ; Info     ; Stuck at GND                     ;
+------+-------+----------+----------------------------------+


+-------------------------------------------------------------------------------------------------------------+
; Port Connectivity Checks: "divisorGenerico_e_Interface_fast:TICTAC_fast|flipflopGenerico:registraUmSegundo" ;
+--------+-------+----------+---------------------------------------------------------------------------------+
; Port   ; Type  ; Severity ; Details                                                                         ;
+--------+-------+----------+---------------------------------------------------------------------------------+
; din    ; Input ; Info     ; Stuck at VCC                                                                    ;
; enable ; Input ; Info     ; Stuck at VCC                                                                    ;
+--------+-------+----------+---------------------------------------------------------------------------------+


+---------------------------------------------------------------------------------------------------+
; Port Connectivity Checks: "divisorGenerico_e_Interface:TICTAC|flipflopGenerico:registraUmSegundo" ;
+--------+-------+----------+-----------------------------------------------------------------------+
; Port   ; Type  ; Severity ; Details                                                               ;
+--------+-------+----------+-----------------------------------------------------------------------+
; din    ; Input ; Info     ; Stuck at VCC                                                          ;
; enable ; Input ; Info     ; Stuck at VCC                                                          ;
+--------+-------+----------+-----------------------------------------------------------------------+


+------------------------------------------------------------------------------------------------+
; Port Connectivity Checks: "CPU:Processador|fluxo_de_dados:FD|fetch:FETCH|somadorGenerico:SOMA" ;
+----------------+-------+----------+------------------------------------------------------------+
; Port           ; Type  ; Severity ; Details                                                    ;
+----------------+-------+----------+------------------------------------------------------------+
; entradaa[7..1] ; Input ; Info     ; Stuck at GND                                               ;
; entradaa[0]    ; Input ; Info     ; Stuck at VCC                                               ;
+----------------+-------+----------+------------------------------------------------------------+


+--------------------------------------------------------------------------------------------------+
; Port Connectivity Checks: "CPU:Processador|fluxo_de_dados:FD|fetch:FETCH|registradorGenerico:PC" ;
+--------+-------+----------+----------------------------------------------------------------------+
; Port   ; Type  ; Severity ; Details                                                              ;
+--------+-------+----------+----------------------------------------------------------------------+
; enable ; Input ; Info     ; Stuck at VCC                                                         ;
; rst    ; Input ; Info     ; Stuck at GND                                                         ;
+--------+-------+----------+----------------------------------------------------------------------+


+-----------------------------------------------------+
; Post-Synthesis Netlist Statistics for Top Partition ;
+-----------------------+-----------------------------+
; Type                  ; Count                       ;
+-----------------------+-----------------------------+
; arriav_ff             ; 207                         ;
;     CLR               ; 2                           ;
;     ENA               ; 152                         ;
;     SCLR              ; 43                          ;
;     SLD               ; 8                           ;
;     plain             ; 2                           ;
; arriav_io_obuf        ; 8                           ;
; arriav_lcell_comb     ; 381                         ;
;     arith             ; 60                          ;
;         1 data inputs ; 52                          ;
;         5 data inputs ; 8                           ;
;     extend            ; 6                           ;
;         7 data inputs ; 6                           ;
;     normal            ; 315                         ;
;         0 data inputs ; 1                           ;
;         2 data inputs ; 17                          ;
;         3 data inputs ; 29                          ;
;         4 data inputs ; 76                          ;
;         5 data inputs ; 47                          ;
;         6 data inputs ; 145                         ;
; boundary_port         ; 121                         ;
;                       ;                             ;
; Max LUT depth         ; 7.80                        ;
; Average LUT depth     ; 4.67                        ;
+-----------------------+-----------------------------+


+-------------------------------+
; Elapsed Time Per Partition    ;
+----------------+--------------+
; Partition Name ; Elapsed Time ;
+----------------+--------------+
; Top            ; 00:00:01     ;
+----------------+--------------+


+-------------------------------+
; Analysis & Synthesis Messages ;
+-------------------------------+
Info: *******************************************************************
Info: Running Quartus Prime Analysis & Synthesis
    Info: Version 20.1.0 Build 711 06/05/2020 SJ Lite Edition
    Info: Processing started: Tue Oct 27 22:41:48 2020
Info: Command: quartus_map --read_settings_files=on --write_settings_files=off relogio -c relogio
Warning (18236): Number of processors has not been specified which may cause overloading on shared machines.  Set the global assignment NUM_PARALLEL_PROCESSORS in your QSF to an appropriate value for best performance.
Info (20030): Parallel compilation is enabled and will use 4 of the 4 processors detected
Info (12021): Found 2 design units, including 1 entities, in source file but.vhd
    Info (12022): Found design unit 1: but-comportamento File: /home/iskandar/Documents/Insper/Des_Comp/RelogioDescomp/quartus/but.vhd Line: 17
    Info (12023): Found entity 1: but File: /home/iskandar/Documents/Insper/Des_Comp/RelogioDescomp/quartus/but.vhd Line: 4
Info (12021): Found 2 design units, including 1 entities, in source file divisorGenerico_e_Interface_fast.vhd
    Info (12022): Found design unit 1: divisorGenerico_e_Interface_fast-interface File: /home/iskandar/Documents/Insper/Des_Comp/RelogioDescomp/quartus/divisorGenerico_e_Interface_fast.vhd Line: 15
    Info (12023): Found entity 1: divisorGenerico_e_Interface_fast File: /home/iskandar/Documents/Insper/Des_Comp/RelogioDescomp/quartus/divisorGenerico_e_Interface_fast.vhd Line: 5
Info (12021): Found 2 design units, including 1 entities, in source file sw.vhd
    Info (12022): Found design unit 1: sw-comportamento File: /home/iskandar/Documents/Insper/Des_Comp/RelogioDescomp/quartus/sw.vhd Line: 17
    Info (12023): Found entity 1: sw File: /home/iskandar/Documents/Insper/Des_Comp/RelogioDescomp/quartus/sw.vhd Line: 4
Info (12021): Found 2 design units, including 1 entities, in source file registradorGenerico_WRITE.vhd
    Info (12022): Found design unit 1: registradorGenerico_WRITE-comportamento File: /home/iskandar/Documents/Insper/Des_Comp/RelogioDescomp/quartus/registradorGenerico_WRITE.vhd Line: 15
    Info (12023): Found entity 1: registradorGenerico_WRITE File: /home/iskandar/Documents/Insper/Des_Comp/RelogioDescomp/quartus/registradorGenerico_WRITE.vhd Line: 4
Info (12021): Found 2 design units, including 1 entities, in source file flipflopGenerico.vhd
    Info (12022): Found design unit 1: flipflopGenerico-comportamento File: /home/iskandar/Documents/Insper/Des_Comp/RelogioDescomp/quartus/flipflopGenerico.vhd Line: 12
    Info (12023): Found entity 1: flipflopGenerico File: /home/iskandar/Documents/Insper/Des_Comp/RelogioDescomp/quartus/flipflopGenerico.vhd Line: 4
Info (12021): Found 2 design units, including 1 entities, in source file divisorGenerico_e_Interface.vhd
    Info (12022): Found design unit 1: divisorGenerico_e_Interface-interface File: /home/iskandar/Documents/Insper/Des_Comp/RelogioDescomp/quartus/divisorGenerico_e_Interface.vhd Line: 15
    Info (12023): Found entity 1: divisorGenerico_e_Interface File: /home/iskandar/Documents/Insper/Des_Comp/RelogioDescomp/quartus/divisorGenerico_e_Interface.vhd Line: 5
Info (12021): Found 2 design units, including 1 entities, in source file UnidadeControle.vhd
    Info (12022): Found design unit 1: UnidadeControle-comportamento File: /home/iskandar/Documents/Insper/Des_Comp/RelogioDescomp/quartus/UnidadeControle.vhd Line: 24
    Info (12023): Found entity 1: UnidadeControle File: /home/iskandar/Documents/Insper/Des_Comp/RelogioDescomp/quartus/UnidadeControle.vhd Line: 6
Info (12021): Found 2 design units, including 1 entities, in source file TopLevel.vhd
    Info (12022): Found design unit 1: TopLevel-funcionamento File: /home/iskandar/Documents/Insper/Des_Comp/RelogioDescomp/quartus/TopLevel.vhd Line: 29
    Info (12023): Found entity 1: TopLevel File: /home/iskandar/Documents/Insper/Des_Comp/RelogioDescomp/quartus/TopLevel.vhd Line: 5
Info (12021): Found 2 design units, including 1 entities, in source file memoriaRam.vhd
    Info (12022): Found design unit 1: memoriaRAM-rtl File: /home/iskandar/Documents/Insper/Des_Comp/RelogioDescomp/quartus/memoriaRam.vhd Line: 21
    Info (12023): Found entity 1: memoriaRAM File: /home/iskandar/Documents/Insper/Des_Comp/RelogioDescomp/quartus/memoriaRam.vhd Line: 5
Info (12021): Found 2 design units, including 1 entities, in source file IO_TIMER.vhd
    Info (12022): Found design unit 1: IO_TIMER-comportamento File: /home/iskandar/Documents/Insper/Des_Comp/RelogioDescomp/quartus/IO_TIMER.vhd Line: 27
    Info (12023): Found entity 1: IO_TIMER File: /home/iskandar/Documents/Insper/Des_Comp/RelogioDescomp/quartus/IO_TIMER.vhd Line: 11
Info (12021): Found 2 design units, including 1 entities, in source file fluxo_de_dados.vhd
    Info (12022): Found design unit 1: fluxo_de_dados-funcionamento File: /home/iskandar/Documents/Insper/Des_Comp/RelogioDescomp/quartus/fluxo_de_dados.vhd Line: 27
    Info (12023): Found entity 1: fluxo_de_dados File: /home/iskandar/Documents/Insper/Des_Comp/RelogioDescomp/quartus/fluxo_de_dados.vhd Line: 5
Info (12021): Found 2 design units, including 1 entities, in source file divisorGenerico.vhd
    Info (12022): Found design unit 1: divisorGenerico-divInteiro File: /home/iskandar/Documents/Insper/Des_Comp/RelogioDescomp/quartus/divisorGenerico.vhd Line: 15
    Info (12023): Found entity 1: divisorGenerico File: /home/iskandar/Documents/Insper/Des_Comp/RelogioDescomp/quartus/divisorGenerico.vhd Line: 5
Info (12021): Found 2 design units, including 1 entities, in source file decodificador.vhd
    Info (12022): Found design unit 1: decodificador-comportamento File: /home/iskandar/Documents/Insper/Des_Comp/RelogioDescomp/quartus/decodificador.vhd Line: 31
    Info (12023): Found entity 1: decodificador File: /home/iskandar/Documents/Insper/Des_Comp/RelogioDescomp/quartus/decodificador.vhd Line: 4
Info (12021): Found 2 design units, including 1 entities, in source file CPU.vhd
    Info (12022): Found design unit 1: CPU-comportamento File: /home/iskandar/Documents/Insper/Des_Comp/RelogioDescomp/quartus/CPU.vhd Line: 25
    Info (12023): Found entity 1: CPU File: /home/iskandar/Documents/Insper/Des_Comp/RelogioDescomp/quartus/CPU.vhd Line: 5
Info (12021): Found 2 design units, including 1 entities, in source file conversorHex7seg.vhd
    Info (12022): Found design unit 1: conversorHex7seg-comportamento File: /home/iskandar/Documents/Insper/Des_Comp/RelogioDescomp/quartus/conversorHex7seg.vhd Line: 13
    Info (12023): Found entity 1: conversorHex7seg File: /home/iskandar/Documents/Insper/Des_Comp/RelogioDescomp/quartus/conversorHex7seg.vhd Line: 4
Info (12021): Found 1 design units, including 0 entities, in source file constants.vhd
    Info (12022): Found design unit 1: constants File: /home/iskandar/Documents/Insper/Des_Comp/RelogioDescomp/quartus/constants.vhd Line: 5
Info (12021): Found 2 design units, including 1 entities, in source file bancoReg.vhd
    Info (12022): Found design unit 1: bancoReg-comportamento File: /home/iskandar/Documents/Insper/Des_Comp/RelogioDescomp/quartus/bancoReg.vhd Line: 28
    Info (12023): Found entity 1: bancoReg File: /home/iskandar/Documents/Insper/Des_Comp/RelogioDescomp/quartus/bancoReg.vhd Line: 5
Info (12021): Found 2 design units, including 1 entities, in source file memoriaROM.vhd
    Info (12022): Found design unit 1: memoriaROM-assincrona File: /home/iskandar/Documents/Insper/Des_Comp/RelogioDescomp/quartus/memoriaROM.vhd Line: 17
    Info (12023): Found entity 1: memoriaROM File: /home/iskandar/Documents/Insper/Des_Comp/RelogioDescomp/quartus/memoriaROM.vhd Line: 6
Info (12021): Found 2 design units, including 1 entities, in source file ULA.vhd
    Info (12022): Found design unit 1: ULA-comportamento File: /home/iskandar/Documents/Insper/Des_Comp/RelogioDescomp/quartus/ULA.vhd Line: 24
    Info (12023): Found entity 1: ULA File: /home/iskandar/Documents/Insper/Des_Comp/RelogioDescomp/quartus/ULA.vhd Line: 5
Info (12021): Found 2 design units, including 1 entities, in source file somadorGenerico.vhd
    Info (12022): Found design unit 1: somadorGenerico-comportamento File: /home/iskandar/Documents/Insper/Des_Comp/RelogioDescomp/quartus/somadorGenerico.vhd Line: 18
    Info (12023): Found entity 1: somadorGenerico File: /home/iskandar/Documents/Insper/Des_Comp/RelogioDescomp/quartus/somadorGenerico.vhd Line: 6
Info (12021): Found 2 design units, including 1 entities, in source file registradorGenerico.vhd
    Info (12022): Found design unit 1: registradorGenerico-comportamento File: /home/iskandar/Documents/Insper/Des_Comp/RelogioDescomp/quartus/registradorGenerico.vhd Line: 15
    Info (12023): Found entity 1: registradorGenerico File: /home/iskandar/Documents/Insper/Des_Comp/RelogioDescomp/quartus/registradorGenerico.vhd Line: 4
Info (12021): Found 2 design units, including 1 entities, in source file muxGenerico2x1.vhd
    Info (12022): Found design unit 1: muxGenerico2x1-comportamento File: /home/iskandar/Documents/Insper/Des_Comp/RelogioDescomp/quartus/muxGenerico2x1.vhd Line: 14
    Info (12023): Found entity 1: muxGenerico2x1 File: /home/iskandar/Documents/Insper/Des_Comp/RelogioDescomp/quartus/muxGenerico2x1.vhd Line: 4
Info (12021): Found 2 design units, including 1 entities, in source file fetch.vhd
    Info (12022): Found design unit 1: fetch-arch_name File: /home/iskandar/Documents/Insper/Des_Comp/RelogioDescomp/quartus/fetch.vhd Line: 23
    Info (12023): Found entity 1: fetch File: /home/iskandar/Documents/Insper/Des_Comp/RelogioDescomp/quartus/fetch.vhd Line: 5
Info (12127): Elaborating entity "TopLevel" for the top level hierarchy
Info (12128): Elaborating entity "CPU" for hierarchy "CPU:Processador" File: /home/iskandar/Documents/Insper/Des_Comp/RelogioDescomp/quartus/TopLevel.vhd Line: 62
Info (12128): Elaborating entity "fluxo_de_dados" for hierarchy "CPU:Processador|fluxo_de_dados:FD" File: /home/iskandar/Documents/Insper/Des_Comp/RelogioDescomp/quartus/CPU.vhd Line: 37
Info (12128): Elaborating entity "fetch" for hierarchy "CPU:Processador|fluxo_de_dados:FD|fetch:FETCH" File: /home/iskandar/Documents/Insper/Des_Comp/RelogioDescomp/quartus/fluxo_de_dados.vhd Line: 54
Info (12128): Elaborating entity "muxGenerico2x1" for hierarchy "CPU:Processador|fluxo_de_dados:FD|fetch:FETCH|muxGenerico2x1:MUX" File: /home/iskandar/Documents/Insper/Des_Comp/RelogioDescomp/quartus/fetch.vhd Line: 31
Info (12128): Elaborating entity "registradorGenerico" for hierarchy "CPU:Processador|fluxo_de_dados:FD|fetch:FETCH|registradorGenerico:PC" File: /home/iskandar/Documents/Insper/Des_Comp/RelogioDescomp/quartus/fetch.vhd Line: 38
Info (12128): Elaborating entity "memoriaROM" for hierarchy "CPU:Processador|fluxo_de_dados:FD|fetch:FETCH|memoriaROM:ROM" File: /home/iskandar/Documents/Insper/Des_Comp/RelogioDescomp/quartus/fetch.vhd Line: 46
Warning (10541): VHDL Signal Declaration warning at memoriaROM.vhd(259): used implicit default value for signal "content" because signal was never assigned a value or an explicit default value. Use of implicit default value may introduce unintended design optimizations. File: /home/iskandar/Documents/Insper/Des_Comp/RelogioDescomp/quartus/memoriaROM.vhd Line: 259
Info (12128): Elaborating entity "somadorGenerico" for hierarchy "CPU:Processador|fluxo_de_dados:FD|fetch:FETCH|somadorGenerico:SOMA" File: /home/iskandar/Documents/Insper/Des_Comp/RelogioDescomp/quartus/fetch.vhd Line: 50
Info (12128): Elaborating entity "bancoReg" for hierarchy "CPU:Processador|fluxo_de_dados:FD|bancoReg:BancoReg" File: /home/iskandar/Documents/Insper/Des_Comp/RelogioDescomp/quartus/fluxo_de_dados.vhd Line: 72
Info (12128): Elaborating entity "ULA" for hierarchy "CPU:Processador|fluxo_de_dados:FD|ULA:ULA" File: /home/iskandar/Documents/Insper/Des_Comp/RelogioDescomp/quartus/fluxo_de_dados.vhd Line: 81
Warning (10540): VHDL Signal Declaration warning at ULA.vhd(27): used explicit default value for signal "one" because signal was never assigned a value File: /home/iskandar/Documents/Insper/Des_Comp/RelogioDescomp/quartus/ULA.vhd Line: 27
Info (12128): Elaborating entity "UnidadeControle" for hierarchy "CPU:Processador|UnidadeControle:UC" File: /home/iskandar/Documents/Insper/Des_Comp/RelogioDescomp/quartus/CPU.vhd Line: 51
Info (12128): Elaborating entity "divisorGenerico_e_Interface" for hierarchy "divisorGenerico_e_Interface:TICTAC" File: /home/iskandar/Documents/Insper/Des_Comp/RelogioDescomp/quartus/TopLevel.vhd Line: 75
Info (12128): Elaborating entity "divisorGenerico" for hierarchy "divisorGenerico_e_Interface:TICTAC|divisorGenerico:baseTempo" File: /home/iskandar/Documents/Insper/Des_Comp/RelogioDescomp/quartus/divisorGenerico_e_Interface.vhd Line: 20
Info (12128): Elaborating entity "flipflopGenerico" for hierarchy "divisorGenerico_e_Interface:TICTAC|flipflopGenerico:registraUmSegundo" File: /home/iskandar/Documents/Insper/Des_Comp/RelogioDescomp/quartus/divisorGenerico_e_Interface.vhd Line: 24
Info (12128): Elaborating entity "divisorGenerico_e_Interface_fast" for hierarchy "divisorGenerico_e_Interface_fast:TICTAC_fast" File: /home/iskandar/Documents/Insper/Des_Comp/RelogioDescomp/quartus/TopLevel.vhd Line: 81
Info (12128): Elaborating entity "divisorGenerico" for hierarchy "divisorGenerico_e_Interface_fast:TICTAC_fast|divisorGenerico:baseTempo" File: /home/iskandar/Documents/Insper/Des_Comp/RelogioDescomp/quartus/divisorGenerico_e_Interface_fast.vhd Line: 20
Info (12128): Elaborating entity "registradorGenerico_WRITE" for hierarchy "registradorGenerico_WRITE:SEGU" File: /home/iskandar/Documents/Insper/Des_Comp/RelogioDescomp/quartus/TopLevel.vhd Line: 99
Info (12128): Elaborating entity "conversorHex7seg" for hierarchy "conversorHex7seg:showHEX0" File: /home/iskandar/Documents/Insper/Des_Comp/RelogioDescomp/quartus/TopLevel.vhd Line: 149
Info (12128): Elaborating entity "sw" for hierarchy "sw:swicthes" File: /home/iskandar/Documents/Insper/Des_Comp/RelogioDescomp/quartus/TopLevel.vhd Line: 156
Info (12128): Elaborating entity "but" for hierarchy "but:but" File: /home/iskandar/Documents/Insper/Des_Comp/RelogioDescomp/quartus/TopLevel.vhd Line: 161
Info (12128): Elaborating entity "decodificador" for hierarchy "decodificador:DECODER" File: /home/iskandar/Documents/Insper/Des_Comp/RelogioDescomp/quartus/TopLevel.vhd Line: 166
Info (276014): Found 1 instances of uninferred RAM logic
    Info (276007): RAM logic "CPU:Processador|fluxo_de_dados:FD|bancoReg:BancoReg|registrador" is uninferred due to asynchronous read logic File: /home/iskandar/Documents/Insper/Des_Comp/RelogioDescomp/quartus/bancoReg.vhd Line: 34
Warning (113018): Width of data items in "initROM.mif" is greater than the memory width. Truncating data items to fit in memory. File: /home/iskandar/Documents/Insper/Des_Comp/RelogioDescomp/quartus/initROM.mif Line: 5
Warning (113028): 923 out of 1024 addresses are uninitialized. The Quartus Prime software will initialize them to "0". There are 1 warnings found, and 1 warnings are reported. File: /home/iskandar/Documents/Insper/Des_Comp/RelogioDescomp/quartus/initROM.mif Line: 1
    Warning (113027): Addresses ranging from 101 to 1023 are not initialized File: /home/iskandar/Documents/Insper/Des_Comp/RelogioDescomp/quartus/initROM.mif Line: 1
Critical Warning (127004): Memory depth (256) in the design file differs from memory depth (1024) in the Memory Initialization File "/home/iskandar/Documents/Insper/Des_Comp/RelogioDescomp/quartus/initROM.mif" -- truncated remaining initial content value to fit RAM
Warning (13046): Tri-state node(s) do not directly drive top-level pin(s)
    Warning (13047): Converted the fan-out from the tri-state buffer "divisorGenerico_e_Interface:TICTAC|leituraUmSegundo[0]" to the node "CPU:Processador|fluxo_de_dados:FD|muxGenerico2x1:MUX_ULA|saida_MUX[0]" into an OR gate File: /home/iskandar/Documents/Insper/Des_Comp/RelogioDescomp/quartus/divisorGenerico_e_Interface.vhd Line: 10
    Warning (13047): Converted the fan-out from the tri-state buffer "divisorGenerico_e_Interface:TICTAC|leituraUmSegundo[1]" to the node "CPU:Processador|fluxo_de_dados:FD|muxGenerico2x1:MUX_ULA|saida_MUX[1]" into an OR gate File: /home/iskandar/Documents/Insper/Des_Comp/RelogioDescomp/quartus/divisorGenerico_e_Interface.vhd Line: 10
    Warning (13047): Converted the fan-out from the tri-state buffer "divisorGenerico_e_Interface:TICTAC|leituraUmSegundo[2]" to the node "CPU:Processador|fluxo_de_dados:FD|muxGenerico2x1:MUX_ULA|saida_MUX[2]" into an OR gate File: /home/iskandar/Documents/Insper/Des_Comp/RelogioDescomp/quartus/divisorGenerico_e_Interface.vhd Line: 10
    Warning (13047): Converted the fan-out from the tri-state buffer "divisorGenerico_e_Interface:TICTAC|leituraUmSegundo[3]" to the node "CPU:Processador|fluxo_de_dados:FD|muxGenerico2x1:MUX_ULA|saida_MUX[3]" into an OR gate File: /home/iskandar/Documents/Insper/Des_Comp/RelogioDescomp/quartus/divisorGenerico_e_Interface.vhd Line: 10
    Warning (13047): Converted the fan-out from the tri-state buffer "divisorGenerico_e_Interface:TICTAC|leituraUmSegundo[4]" to the node "CPU:Processador|fluxo_de_dados:FD|muxGenerico2x1:MUX_ULA|saida_MUX[4]" into an OR gate File: /home/iskandar/Documents/Insper/Des_Comp/RelogioDescomp/quartus/divisorGenerico_e_Interface.vhd Line: 10
    Warning (13047): Converted the fan-out from the tri-state buffer "divisorGenerico_e_Interface:TICTAC|leituraUmSegundo[5]" to the node "CPU:Processador|fluxo_de_dados:FD|muxGenerico2x1:MUX_ULA|saida_MUX[5]" into an OR gate File: /home/iskandar/Documents/Insper/Des_Comp/RelogioDescomp/quartus/divisorGenerico_e_Interface.vhd Line: 10
    Warning (13047): Converted the fan-out from the tri-state buffer "divisorGenerico_e_Interface:TICTAC|leituraUmSegundo[6]" to the node "CPU:Processador|fluxo_de_dados:FD|muxGenerico2x1:MUX_ULA|saida_MUX[6]" into an OR gate File: /home/iskandar/Documents/Insper/Des_Comp/RelogioDescomp/quartus/divisorGenerico_e_Interface.vhd Line: 10
    Warning (13047): Converted the fan-out from the tri-state buffer "divisorGenerico_e_Interface:TICTAC|leituraUmSegundo[7]" to the node "CPU:Processador|fluxo_de_dados:FD|muxGenerico2x1:MUX_imed_ram|saida_MUX[7]" into an OR gate File: /home/iskandar/Documents/Insper/Des_Comp/RelogioDescomp/quartus/divisorGenerico_e_Interface.vhd Line: 10
Warning (13024): Output pins are stuck at VCC or GND
    Warning (13410): Pin "barEndSaida[7]" is stuck at GND File: /home/iskandar/Documents/Insper/Des_Comp/RelogioDescomp/quartus/TopLevel.vhd Line: 19
Info (286030): Timing-Driven Synthesis is running
Info (16010): Generating hard_block partition "hard_block:auto_generated_inst"
    Info (16011): Adding 0 node(s), including 0 DDIO, 0 PLL, 0 transceiver and 0 LCELL
Info (21057): Implemented 656 device resources after synthesis - the final resource count might be different
    Info (21058): Implemented 13 input pins
    Info (21059): Implemented 108 output pins
    Info (21061): Implemented 535 logic cells
Info: Quartus Prime Analysis & Synthesis was successful. 0 errors, 18 warnings
    Info: Peak virtual memory: 492 megabytes
    Info: Processing ended: Tue Oct 27 22:41:58 2020
    Info: Elapsed time: 00:00:10
    Info: Total CPU time (on all processors): 00:00:23


