------------------------------------------------------------
Timing Analyzer Summary
------------------------------------------------------------

Type  : Slow 1100mV 85C Model Setup 'CLOCK_50'
Slack : -9.304
TNS   : -1580.589

Type  : Slow 1100mV 85C Model Hold 'CLOCK_50'
Slack : 0.443
TNS   : 0.000

Type  : Slow 1100mV 85C Model Recovery 'divisorGenerico_e_Interface_fast:TICTAC_fast|divisorGenerico:baseTempo|tick'
Slack : -6.249
TNS   : -12.492

Type  : Slow 1100mV 85C Model Recovery 'divisorGenerico_e_Interface:TICTAC|divisorGenerico:baseTempo|tick'
Slack : -5.929
TNS   : -5.929

Type  : Slow 1100mV 85C Model Removal 'divisorGenerico_e_Interface:TICTAC|divisorGenerico:baseTempo|tick'
Slack : 3.260
TNS   : 0.000

Type  : Slow 1100mV 85C Model Removal 'divisorGenerico_e_Interface_fast:TICTAC_fast|divisorGenerico:baseTempo|tick'
Slack : 3.455
TNS   : 0.000

Type  : Slow 1100mV 85C Model Minimum Pulse Width 'CLOCK_50'
Slack : -0.538
TNS   : -182.714

Type  : Slow 1100mV 85C Model Minimum Pulse Width 'divisorGenerico_e_Interface_fast:TICTAC_fast|divisorGenerico:baseTempo|tick'
Slack : -0.538
TNS   : -1.793

Type  : Slow 1100mV 85C Model Minimum Pulse Width 'divisorGenerico_e_Interface:TICTAC|divisorGenerico:baseTempo|tick'
Slack : -0.538
TNS   : -0.832

Type  : Slow 1100mV 0C Model Setup 'CLOCK_50'
Slack : -9.298
TNS   : -1584.135

Type  : Slow 1100mV 0C Model Hold 'CLOCK_50'
Slack : 0.294
TNS   : 0.000

Type  : Slow 1100mV 0C Model Recovery 'divisorGenerico_e_Interface_fast:TICTAC_fast|divisorGenerico:baseTempo|tick'
Slack : -6.423
TNS   : -12.839

Type  : Slow 1100mV 0C Model Recovery 'divisorGenerico_e_Interface:TICTAC|divisorGenerico:baseTempo|tick'
Slack : -6.171
TNS   : -6.171

Type  : Slow 1100mV 0C Model Removal 'divisorGenerico_e_Interface:TICTAC|divisorGenerico:baseTempo|tick'
Slack : 3.431
TNS   : 0.000

Type  : Slow 1100mV 0C Model Removal 'divisorGenerico_e_Interface_fast:TICTAC_fast|divisorGenerico:baseTempo|tick'
Slack : 3.548
TNS   : 0.000

Type  : Slow 1100mV 0C Model Minimum Pulse Width 'CLOCK_50'
Slack : -0.538
TNS   : -184.820

Type  : Slow 1100mV 0C Model Minimum Pulse Width 'divisorGenerico_e_Interface_fast:TICTAC_fast|divisorGenerico:baseTempo|tick'
Slack : -0.538
TNS   : -1.780

Type  : Slow 1100mV 0C Model Minimum Pulse Width 'divisorGenerico_e_Interface:TICTAC|divisorGenerico:baseTempo|tick'
Slack : -0.538
TNS   : -0.819

Type  : Fast 1100mV 85C Model Setup 'CLOCK_50'
Slack : -4.444
TNS   : -726.306

Type  : Fast 1100mV 85C Model Hold 'CLOCK_50'
Slack : -0.024
TNS   : -0.054

Type  : Fast 1100mV 85C Model Recovery 'divisorGenerico_e_Interface_fast:TICTAC_fast|divisorGenerico:baseTempo|tick'
Slack : -2.938
TNS   : -5.874

Type  : Fast 1100mV 85C Model Recovery 'divisorGenerico_e_Interface:TICTAC|divisorGenerico:baseTempo|tick'
Slack : -2.774
TNS   : -2.774

Type  : Fast 1100mV 85C Model Removal 'divisorGenerico_e_Interface:TICTAC|divisorGenerico:baseTempo|tick'
Slack : 1.568
TNS   : 0.000

Type  : Fast 1100mV 85C Model Removal 'divisorGenerico_e_Interface_fast:TICTAC_fast|divisorGenerico:baseTempo|tick'
Slack : 1.578
TNS   : 0.000

Type  : Fast 1100mV 85C Model Minimum Pulse Width 'CLOCK_50'
Slack : -0.268
TNS   : -23.062

Type  : Fast 1100mV 85C Model Minimum Pulse Width 'divisorGenerico_e_Interface_fast:TICTAC_fast|divisorGenerico:baseTempo|tick'
Slack : -0.032
TNS   : -0.063

Type  : Fast 1100mV 85C Model Minimum Pulse Width 'divisorGenerico_e_Interface:TICTAC|divisorGenerico:baseTempo|tick'
Slack : 0.027
TNS   : 0.000

Type  : Fast 1100mV 0C Model Setup 'CLOCK_50'
Slack : -3.958
TNS   : -641.319

Type  : Fast 1100mV 0C Model Hold 'CLOCK_50'
Slack : -0.220
TNS   : -2.528

Type  : Fast 1100mV 0C Model Recovery 'divisorGenerico_e_Interface_fast:TICTAC_fast|divisorGenerico:baseTempo|tick'
Slack : -2.746
TNS   : -5.490

Type  : Fast 1100mV 0C Model Recovery 'divisorGenerico_e_Interface:TICTAC|divisorGenerico:baseTempo|tick'
Slack : -2.640
TNS   : -2.640

Type  : Fast 1100mV 0C Model Removal 'divisorGenerico_e_Interface_fast:TICTAC_fast|divisorGenerico:baseTempo|tick'
Slack : 1.540
TNS   : 0.000

Type  : Fast 1100mV 0C Model Removal 'divisorGenerico_e_Interface:TICTAC|divisorGenerico:baseTempo|tick'
Slack : 1.547
TNS   : 0.000

Type  : Fast 1100mV 0C Model Minimum Pulse Width 'CLOCK_50'
Slack : -0.270
TNS   : -23.082

Type  : Fast 1100mV 0C Model Minimum Pulse Width 'divisorGenerico_e_Interface_fast:TICTAC_fast|divisorGenerico:baseTempo|tick'
Slack : 0.003
TNS   : 0.000

Type  : Fast 1100mV 0C Model Minimum Pulse Width 'divisorGenerico_e_Interface:TICTAC|divisorGenerico:baseTempo|tick'
Slack : 0.041
TNS   : 0.000

------------------------------------------------------------
